ESP-ROM:esp32p4-eco2-20240710
Build:Jul 10 2024
rst:0x1 (POWERON),boot:0x10f (SPI_FAST_FLASH_BOOT)
SPI mode:DIO, clock div:1
load:0x4ff33ce0,len:0x162c
load:0x4ff2abd0,len:0xd6c
load:0x4ff2cbd0,len:0x3308
entry 0x4ff2abda
[0;32mI (25) boot: ESP-IDF v5.4.1-dirty 2nd stage bootloader[0m
[0;32mI (26) boot: compile time Aug 29 2025 07:48:58[0m
[0;32mI (26) boot: Multicore bootloader[0m
[0;32mI (27) boot: chip revision: v1.0[0m
[0;32mI (29) boot: efuse block revision: v0.3[0m
[0;32mI (33) boot.esp32p4: SPI Speed      : 80MHz[0m
[0;32mI (37) boot.esp32p4: SPI Mode       : DIO[0m
[0;32mI (40) boot.esp32p4: SPI Flash Size : 16MB[0m
[0;32mI (44) boot: Enabling RNG early entropy source...[0m
[0;32mI (49) boot: Partition Table:[0m
[0;32mI (51) boot: ## Label            Usage          Type ST Offset   Length[0m
[0;32mI (58) boot:  0 nvs              WiFi data        01 02 00009000 00006000[0m
[0;32mI (64) boot:  1 phy_init         RF data          01 01 0000f000 00001000[0m
[0;32mI (71) boot:  2 factory          factory app      00 00 00010000 00800000[0m
[0;32mI (77) boot:  3 storage          Unknown data     01 82 00810000 00700000[0m
[0;32mI (85) boot: End of partition table[0m
[0;32mI (87) esp_image: segment 0: paddr=00010020 vaddr=48090020 size=1ffech (131052) map[0m
[0;32mI (117) esp_image: segment 1: paddr=00030014 vaddr=30100000 size=0002ch (    44) load[0m
[0;32mI (119) esp_image: segment 2: paddr=00030048 vaddr=3010002c size=0003ch (    60) load[0m
[0;32mI (123) esp_image: segment 3: paddr=0003008c vaddr=4ff00000 size=0ff8ch ( 65420) load[0m
[0;32mI (142) esp_image: segment 4: paddr=00040020 vaddr=48000020 size=81b5ch (531292) map[0m
[0;32mI (232) esp_image: segment 5: paddr=000c1b84 vaddr=4ff0ff8c size=04ad0h ( 19152) load[0m
[0;32mI (238) esp_image: segment 6: paddr=000c665c vaddr=4ff14a80 size=04334h ( 17204) load[0m
[0;32mI (247) boot: Loaded app from partition at offset 0x10000[0m
[0;32mI (247) boot: Disabling RNG early entropy source...[0m
[0;32mI (258) hex_psram: vendor id    : 0x0d (AP)[0m
[0;32mI (258) hex_psram: Latency      : 0x01 (Fixed)[0m
[0;32mI (258) hex_psram: DriveStr.    : 0x00 (25 Ohm)[0m
[0;32mI (259) hex_psram: dev id       : 0x03 (generation 4)[0m
[0;32mI (264) hex_psram: density      : 0x07 (256 Mbit)[0m
[0;32mI (268) hex_psram: good-die     : 0x06 (Pass)[0m
[0;32mI (272) hex_psram: SRF          : 0x02 (Slow Refresh)[0m
[0;32mI (277) hex_psram: BurstType    : 0x00 ( Wrap)[0m
[0;32mI (281) hex_psram: BurstLen     : 0x03 (2048 Byte)[0m
[0;32mI (286) hex_psram: BitMode      : 0x01 (X16 Mode)[0m
[0;32mI (290) hex_psram: Readlatency  : 0x04 (14 cycles@Fixed)[0m
[0;32mI (295) hex_psram: DriveStrength: 0x00 (1/1)[0m
[0;32mI (299) MSPI DQS: tuning success, best phase id is 2[0m
[0;32mI (482) MSPI DQS: tuning success, best delayline id is 10[0m
I esp_psram: Found 32MB PSRAM device
I esp_psram: Speed: 200MHz
[0;32mI (498) mmu_psram: .rodata xip on psram[0m
[0;32mI (546) mmu_psram: .text xip on psram[0m
[0;32mI (546) hex_psram: psram CS IO is dedicated[0m
[0;32mI (547) cpu_start: Multicore app[0m
[0;32mI (1469) esp_psram: SPI SRAM memory test OK[0m
[0;32mI (1478) cpu_start: Pro cpu start user code[0m
[0;32mI (1478) cpu_start: cpu freq: 360000000 Hz[0m
[0;32mI (1478) app_init: Application information:[0m
[0;32mI (1478) app_init: Project name:     source-code[0m
[0;32mI (1483) app_init: App version:      6c4ad29-dirty[0m
[0;32mI (1487) app_init: Compile time:     Aug 29 2025 15:59:19[0m
[0;32mI (1492) app_init: ELF file SHA256:  b39d88c07...[0m
[0;32mI (1497) app_init: ESP-IDF:          v5.4.1-dirty[0m
[0;32mI (1501) efuse_init: Min chip rev:     v0.1[0m
[0;32mI (1505) efuse_init: Max chip rev:     v1.99 [0m
[0;32mI (1509) efuse_init: Chip rev:         v1.0[0m
[0;32mI (1513) heap_init: Initializing. RAM available for dynamic allocation:[0m
[0;32mI (1519) heap_init: At 4FF22B70 len 00018450 (97 KiB): RAM[0m
[0;32mI (1525) heap_init: At 4FF3AFC0 len 00004BF0 (18 KiB): RAM[0m
[0;32mI (1530) heap_init: At 4FF40000 len 00060000 (384 KiB): RAM[0m
[0;32mI (1535) heap_init: At 50108080 len 00007F80 (31 KiB): RTCRAM[0m
[0;32mI (1541) heap_init: At 30100068 len 00001F98 (7 KiB): TCM[0m
[0;32mI (1546) esp_psram: Adding pool of 31808K of PSRAM memory to heap allocator[0m
[0;32mI (1553) spi_flash: detected chip: generic[0m
[0;32mI (1556) spi_flash: flash io: dio[0m
[0;33mW (1559) i2c: This driver is an old driver, please migrate your application code to adapt `driver/i2c_master.h`[0m
[0;32mI (1570) main_task: Started on CPU0[0m
[0;32mI (1600) esp_psram: Reserving pool of 32K of internal memory for DMA/internal allocations[0m
[0;32mI (1600) main_task: Calling app_main()[0m
[0;32mI (1600) example: Initializing SD card[0m
[0;32mI (1600) example: Using SDMMC peripheral[0m
[0;33mW (1610) ldo: The voltage value 0 is out of the recommended range [500, 2700][0m
[0;32mI (1610) example: Mounting filesystem[0m
[0;32mI (1620) gpio: GPIO[43]| InputEn: 0| OutputEn: 0| OpenDrain: 0| Pullup: 1| Pulldown: 0| Intr:0 [0m
[0;32mI (1630) gpio: GPIO[44]| InputEn: 0| OutputEn: 0| OpenDrain: 0| Pullup: 1| Pulldown: 0| Intr:0 [0m
[0;32mI (1630) gpio: GPIO[39]| InputEn: 0| OutputEn: 0| OpenDrain: 0| Pullup: 1| Pulldown: 0| Intr:0 [0m
[0;32mI (1640) gpio: GPIO[40]| InputEn: 0| OutputEn: 0| OpenDrain: 0| Pullup: 1| Pulldown: 0| Intr:0 [0m
[0;32mI (1650) gpio: GPIO[41]| InputEn: 0| OutputEn: 0| OpenDrain: 0| Pullup: 1| Pulldown: 0| Intr:0 [0m
[0;32mI (1660) gpio: GPIO[42]| InputEn: 0| OutputEn: 1| OpenDrain: 0| Pullup: 0| Pulldown: 0| Intr:0 [0m
[0;32mI (1850) gpio: GPIO[42]| InputEn: 0| OutputEn: 0| OpenDrain: 0| Pullup: 1| Pulldown: 0| Intr:0 [0m
[0;32mI (1860) example: Filesystem mounted[0m
Name: SD32G
Type: SDHC
Speed: 40.00 MHz (limit: 40.00 MHz)
Size: 30436MB
CSD: ver=2, sector_size=512, capacity=62333952 read_bl_len=9
SSR: bus_width=4
[0;32mI (1870) example: 666[0m
[1;31mE (1870) example: 666[0m
[0;33mW (1870) example: 666[0m
[0;32mI (1880) example: MIPI DSI PHY Powered on[0m
[0;32mI (1880) example: Install MIPI DSI LCD control panel[0m
[0;32mI (1880) st7703: LCD ID: 38 21 1F[0m
[0;32mI (2440) GT911: I2C address initialization procedure skipped - using default GT9xx setup[0m
[0;32mI (2440) GT911: TouchPad_ID:0x39,0x31,0x31[0m
[0;32mI (2440) GT911: TouchPad_Config_Version:66[0m
[0;32mI (2440) LVGL: Starting LVGL task[0m
[1;31mE (2440) lcd_panel: esp_lcd_panel_swap_xy(50): swap_xy is not supported by this panel[0m
[0;32mI (2860) main_task: Returned from app_main()[0m
[0;32mI (5190) gesture: ‰∏ãÊªë[0m
[0;32mI (6360) gesture: Âè≥Êªë[0m
[0;32mI (7320) gesture: ‰∏äÊªë[0m
ESP-ROM:esp32p4-eco2-20240710
Build:Jul 10 2024
rst:0x1 (POWERON),boot:0x10f (SPI_FAST_FLASH_BOOT)
SPI mode:DIO, clock div:1
load:0x4ff33ce0,len:0x162c
load:0x4ff2abd0,len:0xd6c
load:0x4ff2cbd0,len:0x3308
entry 0x4ff2abda
[0;32mI (25) boot: ESP-IDF v5.4.1-dirty 2nd stage bootloader[0m
[0;32mI (26) boot: compile time Aug 29 2025 07:48:58[0m
[0;32mI (26) boot: Multicore bootloader[0m
[0;32mI (27) boot: chip revision: v1.0[0m
[0;32mI (29) boot: efuse block revision: v0.3[0m
[0;32mI (33) boot.esp32p4: SPI Speed      : 80MHz[0m
[0;32mI (37) boot.esp32p4: SPI Mode       : DIO[0m
[0;32mI (40) boot.esp32p4: SPI Flash Size : 16MB[0m
[0;32mI (44) boot: Enabling RNG early entropy source...[0m
[0;32mI (49) boot: Partition Table:[0m
[0;32mI (51) boot: ## Label            Usage          Type ST Offset   Length[0m
[0;32mI (58) boot:  0 nvs              WiFi data        01 02 00009000 00006000[0m
[0;32mI (64) boot:  1 phy_init         RF data          01 01 0000f000 00001000[0m
[0;32mI (71) boot:  2 factory          factory app      00 00 00010000 00800000[0m
[0;32mI (77) boot:  3 storage          Unknown data     01 82 00810000 00700000[0m
[0;32mI (85) boot: End of partition table[0m
[0;32mI (87) esp_image: segment 0: paddr=00010020 vaddr=48090020 size=1ffech (1310