ESP-ROM:esp32p4-eco2-20240710
Build:Jul 10 2024
rst:0x1 (POWERON),boot:0x10f (SPI_FAST_FLASH_BOOT)
SPI mode:DIO, clock div:1
load:0x4ff33ce0,len:0x162c
load:0x4ff2abd0,len:0xd6c
load:0x4ff2cbd0,len:0x3308
entry 0x4ff2abda
[0;32mI (25) boot: ESP-IDF v5.4.1-dirty 2nd stage bootloader[0m
[0;32mI (26) boot: compile time Aug 29 2025 07:48:58[0m
[0;32mI (26) boot: Multicore bootloader[0m
[0;32mI (27) boot: chip revision: v1.0[0m
[0;32mI (29) boot: efuse block revision: v0.3[0m
[0;32mI (33) boot.esp32p4: SPI Speed      : 80MHz[0m
[0;32mI (37) boot.esp32p4: SPI Mode       : DIO[0m
[0;32mI (40) boot.esp32p4: SPI Flash Size : 16MB[0m
[0;32mI (44) boot: Enabling RNG early entropy source...[0m
[0;32mI (49) boot: Partition Table:[0m
[0;32mI (51) boot: ## Label            Usage          Type ST Offset   Length[0m
[0;32mI (58) boot:  0 nvs              WiFi data        01 02 00009000 00006000[0m
[0;32mI (64) boot:  1 phy_init         RF data          01 01 0000f000 00001000[0m
[0;32mI (71) boot:  2 factory          factory app      00 00 00010000 00800000[0m
[0;32mI (77) boot:  3 storage          Unknown data     01 82 00810000 00700000[0m
[0;32mI (85) boot: End of partition table[0m
[0;32mI (87) esp_image: segment 0: paddr=00010020 vaddr=48090020 size=20264h (131684) map[0m
[0;32mI (117) esp_image: segment 1: paddr=0003028c vaddr=30100000 size=0002ch (    44) load[0m
[0;32mI (119) esp_image: segment 2: paddr=000302c0 vaddr=3010002c size=0003ch (    60) load[0m
[0;32mI (123) esp_image: segment 3: paddr=00030304 vaddr=4ff00000 size=0fd14h ( 64788) load[0m
[0;32mI (142) esp_image: segment 4: paddr=00040020 vaddr=48000020 size=82f4ch (536396) map[0m
[0;32mI (233) esp_image: segment 5: paddr=000c2f74 vaddr=4ff0fd14 size=04d48h ( 19784) load[0m
[0;32mI (239) esp_image: segment 6: paddr=000c7cc4 vaddr=4ff14a80 size=04334h ( 17204) load[0m
[0;32mI (248) boot: Loaded app from partition at offset 0x10000[0m
[0;32mI (248) boot: Disabling RNG early entropy source...[0m
[0;32mI (259) hex_psram: vendor id    : 0x0d (AP)[0m
[0;32mI (259) hex_psram: Latency      : 0x01 (Fixed)[0m
[0;32mI (259) hex_psram: DriveStr.    : 0x00 (25 Ohm)[0m
[0;32mI (260) hex_psram: dev id       : 0x03 (generation 4)[0m
[0;32mI (264) hex_psram: density      : 0x07 (256 Mbit)[0m
[0;32mI (269) hex_psram: good-die     : 0x06 (Pass)[0m
[0;32mI (273) hex_psram: SRF          : 0x02 (Slow Refresh)[0m
[0;32mI (278) hex_psram: BurstType    : 0x00 ( Wrap)[0m
[0;32mI (282) hex_psram: BurstLen     : 0x03 (2048 Byte)[0m
[0;32mI (286) hex_psram: BitMode      : 0x01 (X16 Mode)[0m
[0;32mI (291) hex_psram: Readlatency  : 0x04 (14 cycles@Fixed)[0m
[0;32mI (296) hex_psram: DriveStrength: 0x00 (1/1)[0m
[0;32mI (300) MSPI DQS: tuning success, best phase id is 2[0m
[0;32mI (482) MSPI DQS: tuning success, best delayline id is 10[0m
I esp_psram: Found 32MB PSRAM device
I esp_psram: Speed: 200MHz
[0;32mI (499) mmu_psram: .rodata xip on psram[0m
[0;32mI (547) mmu_psram: .text xip on psram[0m
[0;32mI (547) hex_psram: psram CS IO is dedicated[0m
[0;32mI (548) cpu_start: Multicore app[0m
[0;32mI (1470) esp_psram: SPI SRAM memory test OK[0m
[0;32mI (1479) cpu_start: Pro cpu start user code[0m
[0;32mI (1479) cpu_start: cpu freq: 360000000 Hz[0m
[0;32mI (1479) app_init: Application information:[0m
[0;32mI (1479) app_init: Project name:     source-code[0m
[0;32mI (1484) app_init: App version:      6c4ad29-dirty[0m
[0;32mI (1488) app_init: Compile time:     Aug 29 2025 15:59:19[0m
[0;32mI (1493) app_init: ELF file SHA256:  171a0cb66...[0m
[0;32mI (1498) app_init: ESP-IDF:          v5.4.1-dirty[0m
[0;32mI (1502) efuse_init: Min chip rev:     v0.1[0m
[0;32mI (1506) efuse_init: Max chip rev:     v1.99 [0m
[0;32mI (1510) efuse_init: Chip rev:         v1.0[0m
[0;32mI (1514) heap_init: Initializing. RAM available for dynamic allocation:[0m
[0;32mI (1520) heap_init: At 4FF22BB0 len 00018410 (97 KiB): RAM[0m
[0;32mI (1526) heap_init: At 4FF3AFC0 len 00004BF0 (18 KiB): RAM[0m
[0;32mI (1531) heap_init: At 4FF40000 len 00060000 (384 KiB): RAM[0m
[0;32mI (1536) heap_init: At 50108080 len 00007F80 (31 KiB): RTCRAM[0m
[0;32mI (1542) heap_init: At 30100068 len 00001F98 (7 KiB): TCM[0m
[0;32mI (1547) esp_psram: Adding pool of 31808K of PSRAM memory to heap allocator[0m
[0;32mI (1554) spi_flash: detected chip: generic[0m
[0;32mI (1557) spi_flash: flash io: dio[0m
[0;33mW (1560) i2c: This driver is an old driver, please migrate your application code to adapt `driver/i2c_master.h`[0m
[0;32mI (1570) main_task: Started on CPU0[0m
[0;32mI (1600) esp_psram: Reserving pool of 32K of internal memory for DMA/internal allocations[0m
[0;32mI (1600) main_task: Calling app_main()[0m
[0;32mI (1600) example: Initializing SD card[0m
[0;32mI (1600) example: Using SDMMC peripheral[0m
[0;33mW (1610) ldo: The voltage value 0 is out of the recommended range [500, 2700][0m
[0;32mI (1610) example: Mounting filesystem[0m
[0;32mI (1620) gpio: GPIO[43]| InputEn: 0| OutputEn: 0| OpenDrain: 0| Pullup: 1| Pulldown: 0| Intr:0 [0m
[0;32mI (1630) gpio: GPIO[44]| InputEn: 0| OutputEn: 0| OpenDrain: 0| Pullup: 1| Pulldown: 0| Intr:0 [0m
[0;32mI (1630) gpio: GPIO[39]| InputEn: 0| OutputEn: 0| OpenDrain: 0| Pullup: 1| Pulldown: 0| Intr:0 [0m
[0;32mI (1640) gpio: GPIO[40]| InputEn: 0| OutputEn: 0| OpenDrain: 0| Pullup: 1| Pulldown: 0| Intr:0 [0m
[0;32mI (1650) gpio: GPIO[41]| InputEn: 0| OutputEn: 0| OpenDrain: 0| Pullup: 1| Pulldown: 0| Intr:0 [0m
[0;32mI (1660) gpio: GPIO[42]| InputEn: 0| OutputEn: 1| OpenDrain: 0| Pullup: 0| Pulldown: 0| Intr:0 [0m
[0;32mI (1850) gpio: GPIO[42]| InputEn: 0| OutputEn: 0| OpenDrain: 0| Pullup: 1| Pulldown: 0| Intr:0 [0m
[0;32mI (1860) example: Filesystem mounted[0m
Name: SD32G
Type: SDHC
Speed: 40.00 MHz (limit: 40.00 MHz)
Size: 30436MB
CSD: ver=2, sector_size=512, capacity=62333952 read_bl_len=9
SSR: bus_width=4
[0;32mI (1870) example: MIPI DSI PHY Powered on[0m
[0;32mI (1870) example: Install MIPI DSI LCD control panel[0m
[0;32mI (1880) st7703: LCD ID: 38 21 1F[0m
[0;32mI (2430) GT911: I2C address initialization procedure skipped - using default GT9xx setup[0m
[0;32mI (2430) GT911: TouchPad_ID:0x39,0x31,0x31[0m
[0;32mI (2430) GT911: TouchPad_Config_Version:66[0m
[0;32mI (2430) LVGL: Starting LVGL task[0m
[1;31mE (2430) lcd_panel: esp_lcd_panel_swap_xy(50): swap_xy is not supported by this panel[0m
[0;32mI (2850) main_task: Returned from app_main()[0m
[0;32mI (5090) gesture: ‰∏äÊªë[0m
open /sdcard/bg/bk2.JPG failed
[0;32mI (6240) main_page: Picture Ë¢´ÁÇπÂáª[0m
[0;33mW (6240) album: ignore non-jpeg: /sdcard/nr/_~3.JPG[0m
[0;33mW (6240) album: ignore non-jpeg: /sdcard/nr/_MT~14.JPG[0m
[0;33mW (6240) album: ignore non-jpeg: /sdcard/nr/_MT~14.JPG[0m
[0;33mW (6250) album: ignore non-jpeg: /sdcard/nr/_LT~17.JPG[0m
[0;33mW (6250) album: ignore non-jpeg: /sdcard/nr/_LT~20.JPG[0m
[0;33mW (6260) album: ignore non-jpeg: /sdcard/nr/_HC~30.JPG[0m
[0;33mW (6260) album: ignore non-jpeg: /sdcard/nr/_HC~31.JPG[0m
[0;33mW (6270) album: ignore non-jpeg: /sdcard/nr/_HC~32.JPG[0m
[0;32mI (7500) gesture: Âè≥Êªë[0m
[0;32mI (8740) gesture: ‰∏ãÊªë[0m
[0;32mI (10930) gesture: ‰∏äÊªë[0m
open /sdcard/bg/bk2.JPG failed
[0;32mI (14270) main_page: Picture Ë¢´ÁÇπÂáª[0m
Guru Meditation Error: Core  0 panic'ed (Instruction access fault). Exception was unhandled.

Core  0 register dump:
MEPC    : 0x00000102  RA      : 0x480105ba  SP      : 0x4ff31800  GP      : 0x4ff15280  
TP      : 0x4ff319e0  T0      : 0x4fc0a9f8  T1      : 0x10000000  T2      : 0x00000000  
S0/FP   : 0x4ff31834  S1      : 0x00000000  A0      : 0x4ff1a168  A1      : 0x4ff31834  
A2      : 0x00000000  A3      : 0x0000000c  A4      : 0x00000004  A5      : 0x00000103  
A6      : 0x48009e8a  A7      : 0x0000000a  S2      : 0x4ff31834  S3      : 0x00000000  
S4      : 0x4ff19f18  S5      : 0x00000000  S6      : 0x00000000  S7      : 0x00000000  
S8      : 0x00000000  S9      : 0x00000000  S10     : 0x00000000  S11     : 0x00000000  
T3      : 0x00000000  T4      : 0x000001cb  T5      : 0x00000000  T6      : 0x0000012a  
MSTATUS : 0x00011880  MTVEC   : 0x4ff00003  MCAUSE  : 0x00000001  MTVAL   : 0x00000102  
MHARTID : 0x00000000  

0x00000102 in ?? ()
#0  0x00000102 in ?? ()
#1  0x480105ba in lv_obj_event_base (class_p=<optimized out>, e=0x4ff31834) at /Users/wangjiaqi/Documents/Github/esp32p4-mipi-display/01.firmware/source-code/components/lvgl__lvgl/src/core/lv_event.c:96
#2  0x00000000 in ?? ()
Backtrace stopped: frame did not save the PC



ELF file SHA256: 171a0cb66

Rebooting...
ESP-ROM:esp32p4-eco2-20240710
Build:Jul 10 2024
rst:0xc (SW_CPU_RESET),boot:0x10f (SPI_FAST_FLASH_BOOT)
Core0 Saved PC:0x4ff045a0
Core1 Saved PC:0x4ff046fc
SPI mode:DIO, clock div:1
load:0x4ff33ce0,len:0x162c
load:0x4ff2abd0,len:0xd6c
load:0x4ff2cbd0,len:0x3308
entry 0x4ff2abda
[0;32mI (33) boot: ESP-IDF v5.4.1-dirty 2nd stage bootloader[0m
[0;32mI (33) boot: compile time Aug 29 2025 07:48:58[0m
[0;32mI (34) boot: Multicore bootloader[0m
[0;32mI (35) boot: chip revision: v1.0[0m
[0;32mI (37) boot: efuse block revision: v0.3[0m
[0;32mI (40) boot.esp32p4: SPI Speed      : 80MHz[0m
[0;32mI (44) boot.esp32p4: SPI Mode       : DIO[0m
[0;32mI (48) boot.esp32p4: SPI Flash Size : 16MB[0m
[0;32mI (52) boot: Enabling RNG early entropy source...[0m
[0;32mI (56) boot: Partition Table:[0m
[0;32mI (59) boot: ## Label            Usage          Type ST Offset   Length[0m
[0;32mI (65) boot:  0 nvs              WiFi data        01 02 00009000 00006000[0m
[0;32mI (72) boot:  1 phy_init         RF data          01 01 0000f000 00001000[0m
[0;32mI (78) boot:  2 factory          factory app      00 00 00010000 00800000[0m
[0;32mI (85) boot:  3 storage          Unknown data     01 82 00810000 00700000[0m
[0;32mI (92) boot: End of partition table[0m
[0;32mI (94) esp_image: segment 0: paddr=00010020 vaddr=48090020 size=20264h (131684) map[0m
[0;32mI (121) esp_image: segment 1: paddr=0003028c vaddr=30100000 size=0002ch (    44) load[0m
[0;32mI (122) esp_image: segment 2: paddr=000302c0 vaddr=3010002c size=0003ch (    60) load[0m
[0;32mI (126) esp_image: segment 3: paddr=00030304 vaddr=4ff00000 size=0fd14h ( 64788) load[0m
[0;32mI (144) esp_image: segment 4: paddr=00040020 vaddr=48000020 size=82f4ch (536396) map[0m
[0;32mI (220) esp_image: segment 5: paddr=000c2f74 vaddr=4ff0fd14 size=04d48h ( 19784) load[0m
[0;32mI (224) esp_image: segment 6: paddr=000c7cc4 vaddr=4ff14a80 size=04334h ( 17204) load[0m
[0;32mI (233) boot: Loaded app from partition at offset 0x10000[0m
[0;32mI (233) boot: Disabling RNG early entropy source...[0m
[0;32mI (245) hex_psram: vendor id    : 0x0d (AP)[0m
[0;32mI (246) hex_psram: Latency      : 0x01 (Fixed)[0m
[0;32mI (246) hex_psram: DriveStr.    : 0x00 (25 Ohm)[0m
[0;32mI (247) hex_psram: dev id       : 0x03 (generation 4)[0m
[0;32mI (251) hex_psram: density      : 0x07 (256 Mbit)[0m
[0;32mI (256) hex_psram: good-die     : 0x06 (Pass)[0m
[0;32mI (260) hex_psram: SRF          : 0x02 (Slow Refresh)[0m
[0;32mI (265) hex_psram: BurstType    : 0x00 ( Wrap)[0m
[0;32mI (269) hex_psram: BurstLen     : 0x03 (2048 Byte)[0m
[0;32mI (273) hex_psram: BitMode      : 0x01 (X16 Mode)[0m
[0;32mI (278) hex_psram: Readlatency  : 0x04 (14 cycles@Fixed)[0m
[0;32mI (283) hex_psram: DriveStrength: 0x00 (1/1)[0m
[0;32mI (287) MSPI DQS: tuning success, best phase id is 2[0m
[0;32mI (469) MSPI DQS: tuning success, best delayline id is 10[0m
I esp_psram: Found 32MB PSRAM device
I esp_psram: Speed: 200MHz
[0;32mI (486) mmu_psram: .rodata xip on psram[0m
[0;32mI (534) mmu_psram: .text xip on psram[0m
[0;32mI (534) hex_psram: psram CS IO is dedicated[0m
[0;32mI (535) cpu_start: Multicore app[0m
[0;32mI (1457) esp_psram: SPI SRAM memory test OK[0m
[0;32mI (1466) cpu_start: Pro cpu start user code[0m
[0;32mI (1466) cpu_start: cpu freq: 360000000 Hz[0m
[0;32mI (1466) app_init: Application information:[0m
[0;32mI (1466) app_init: Project name:     source-code[0m
[0;32mI (1471) app_init: App version:      6c4ad29-dirty[0m
[0;32mI (1475) app_init: Compile time:     Aug 29 2025 15:59:19[0m
[0;32mI (1480) app_init: ELF file SHA256:  171a0cb66...[0m
[0;32mI (1485) app_init: ESP-IDF:          v5.4.1-dirty[0m
[0;32mI (1489) efuse_init: Min chip rev:     v0.1[0m
[0;32mI (1493) efuse_init: Max chip rev:     v1.99 [0m
[0;32mI (1497) efuse_init: Chip rev:         v1.0[0m
[0;32mI (1501) heap_init: Initializing. RAM available for dynamic allocation:[0m
[0;32mI (1508) heap_init: At 4FF22BB0 len 00018410 (97 KiB): RAM[0m
[0;32mI (1513) heap_init: At 4FF3AFC0 len 00004BF0 (18 KiB): RAM[0m
[0;32mI (1518) heap_init: At 4FF40000 len 00060000 (384 KiB): RAM[0m
[0;32mI (1523) heap_init: At 50108080 len 00007F80 (31 KiB): RTCRAM[0m
[0;32mI (1529) heap_init: At 30100068 len 00001F98 (7 KiB): TCM[0m
[0;32mI (1534) esp_psram: Adding pool of 31808K of PSRAM memory to heap allocator[0m
[0;32mI (1541) spi_flash: detected chip: generic[0m
[0;32mI (1544) spi_flash: flash io: dio[0m
[0;33mW (1547) i2c: This driver is an old driver, please migrate your application code to adapt `driver/i2c_master.h`[0m
[0;32mI (1558) main_task: Started on CPU0[0m
[0;32mI (1588) esp_psram: Reserving pool of 32K of internal memory for DMA/internal allocations[0m
[0;32mI (1588) main_task: Calling app_main()[0m
[0;32mI (1588) example: Initializing SD card[0m
[0;32mI (1588) example: Using SDMMC peripheral[0m
[0;33mW (1598) ldo: The voltage value 0 is out of the recommended range [500, 2700][0m
[0;32mI (1598) example: Mounting filesystem[0m
[0;32mI (1608) gpio: GPIO[43]| InputEn: 0| OutputEn: 0| OpenDrain: 0| Pullup: 1| Pulldown: 0| Intr:0 [0m
[0;32mI (1618) gpio: GPIO[44]| InputEn: 0| OutputEn: 0| OpenDrain: 0| Pullup: 1| Pulldown: 0| Intr:0 [0m
[0;32mI (1618) gpio: GPIO[39]| InputEn: 0| OutputEn: 0| OpenDrain: 0| Pullup: 1| Pulldown: 0| Intr:0 [0m
[0;32mI (1628) gpio: GPIO[40]| InputEn: 0| OutputEn: 0| OpenDrain: 0| Pullup: 1| Pulldown: 0| Intr:0 [0m
[0;32mI (1638) gpio: GPIO[41]| InputEn: 0| OutputEn: 0| OpenDrain: 0| Pullup: 1| Pulldown: 0| Intr:0 [0m
[0;32mI (1648) gpio: GPIO[42]| InputEn: 0| OutputEn: 1| OpenDrain: 0| Pullup: 0| Pulldown: 0| Intr:0 [0m
[0;32mI (1838) gpio: GPIO[42]| InputEn: 0| OutputEn: 0| OpenDrain: 0| Pullup: 1| Pulldown: 0| Intr:0 [0m
[0;32mI (1848) example: Filesystem mounted[0m
Name: SD32G
Type: SDHC
Speed: 40.00 MHz (limit: 40.00 MHz)
Size: 30436MB
CSD: ver=2, sector_size=512, capacity=62333952 read_bl_len=9
SSR: bus_width=4
[0;32mI (1858) example: MIPI DSI PHY Powered on[0m
[0;32mI (1858) example: Install MIPI DSI LCD control panel[0m
[0;32mI (1868) st7703: LCD ID: 38 21 1F[0m
[0;32mI (2418) GT911: I2C address initialization procedure skipped - using default GT9xx setup[0m
[0;32mI (2418) GT911: TouchPad_ID:0x39,0x31,0x31[0m
[0;32mI (2418) GT911: TouchPad_Config_Version:66[0m
[0;32mI (2418) LVGL: Starting LVGL task[0m
[1;31mE (2418) lcd_panel: esp_lcd_panel_swap_xy(50): swap_xy is not supported by this panel[0m
[0;32mI (2838) main_task: Returned from app_main()[0m
[0;32mI (34928) gesture: ‰∏äÊªë[0m
open /sdcard/bg/bk2.JPG failed
[0;32mI (36228) main_page: Picture Ë¢´ÁÇπÂáª[0m
[0;33mW (36228) album: ignore non-jpeg: /sdcard/nr/_~3.JPG[0m
[0;33mW (36228) album: ignore non-jpeg: /sdcard/nr/_MT~14.JPG[0m
[0;33mW (36228) album: ignore non-jpeg: /sdcard/nr/_MT~14.JPG[0m
[0;33mW (36238) album: ignore non-jpeg: /sdcard/nr/_LT~17.JPG[0m
[0;33mW (36238) album: ignore non-jpeg: /sdcard/nr/_LT~20.JPG[0m
[0;33mW (36248) album: ignore non-jpeg: /sdcard/nr/_HC~30.JPG[0m
[0;33mW (36248) album: ignore non-jpeg: /sdcard/nr/_HC~31.JPG[0m
[0;33mW (36258) album: ignore non-jpeg: /sdcard/nr/_HC~32.JPG[0m
[0;32mI (42258) gesture: Âè≥Êªë[0m
[0;32mI (43588) gesture: Âè≥Êªë[0m
[0;32mI (44458) gesture: Âè≥Êªë[0m
[0;32mI (45358) gesture: Âè≥Êªë[0m
[0;32mI (46308) gesture: Âè≥Êªë[0m
[0;32mI (47398) gesture: Â∑¶Êªë[0m
[0;32mI (48118) btn: ÁÇπÂáª‰∫ã‰ª∂[0m
[0;32mI (49798) gesture: Â∑¶Êªë[0m
[0;32mI (50608) gesture: ‰∏ãÊªë[0m
[0;32mI (103158) gesture: ‰∏äÊªë[0m
open /sdcard/bg/bk2.JPG failed
[0;32mI (106438) main_page: Picture Ë¢´ÁÇπÂáª[0m
[0;33mW (106438) album: ignore non-jpeg: /sdcard/nr/_~3.JPG[0m
[0;33mW (106438) album: ignore non-jpeg: /sdcard/nr/_MT~14.JPG[0m
[0;33mW (106438) album: ignore non-jpeg: /sdcard/nr/_MT~14.JPG[0m
[0;33mW (106448) album: ignore non-jpeg: /sdcard/nr/_LT~17.JPG[0m
[0;33mW (106448) album: ignore non-jpeg: /sdcard/nr/_LT~20.JPG[0m
[0;33mW (106458) album: ignore non-jpeg: /sdcard/nr/_HC~30.JPG[0m
[0;33mW (106458) album: ignore non-jpeg: /sdcard/nr/_HC~31.JPG[0m
[0;33mW (106468) album: ignore non-jpeg: /sdcard/nr/_HC~32.JPG[0m
Guru Meditation Error: Core  0 panic'ed (Load access fault). Exception was unhandled.

Core  0 register dump:
MEPC    : 0x48018af6  RA      : 0x48014cc2  SP      : 0x4ff317c0  GP      : 0x4ff15280  
TP      : 0x4ff319e0  T0      : 0xb3ebb40b  T1      : 0x4ff018bc  T2      : 0xb40bb42b  
S0/FP   : 0x00000000  S1      : 0x00000000  A0      : 0x00000000  A1      : 0x00000007  
A2      : 0x4ff317dc  A3      : 0x00000000  A4      : 0x00000000  A5      : 0x4ff23000  
A6      : 0xffff3fff  A7      : 0x00000005  S2      : 0x00000009  S3      : 0x00000000  
S4      : 0x00000000  S5      : 0x00000032  S6      : 0x00000001  S7      : 0x00000000  
S8      : 0x00000000  S9      : 0x00000000  S10     : 0x00000000  S11     : 0x00000000  
T3      : 0xabcbabeb  T4      : 0xb3ebb40b  T5      : 0xb40bbc2c  T6      : 0xb40bb40b  
MSTATUS : 0x00011880  MTVEC   : 0x4ff00003  MCAUSE  : 0x00000005  MTVAL   : 0x00000020  
MHARTID : 0x00000000  

0x48018af6 in lv_obj_get_local_style_prop (obj=obj@entry=0x0, prop=prop@entry=LV_STYLE_X, value=value@entry=0x4ff317dc, selector=selector@entry=0) at /Users/wangjiaqi/Documents/Github/esp32p4-mipi-display/01.firmware/source-code/components/lvgl__lvgl/src/core/lv_obj_style.c:290
290	    for(i = 0; i < obj->style_cnt; i++) {
#0  0x48018af6 in lv_obj_get_local_style_prop (obj=obj@entry=0x0, prop=prop@entry=LV_STYLE_X, value=value@entry=0x4ff317dc, selector=selector@entry=0) at /Users/wangjiaqi/Documents/Github/esp32p4-mipi-display/01.firmware/source-code/components/lvgl__lvgl/src/core/lv_obj_style.c:290
#1  0x48014cc2 in lv_obj_set_x (obj=obj@entry=0x0, x=x@entry=0) at /Users/wangjiaqi/Documents/Github/esp32p4-mipi-display/01.firmware/source-code/components/lvgl__lvgl/src/core/lv_obj_pos.c:59
#2  0x48014d30 in lv_obj_set_pos (obj=0x0, x=x@entry=0, y=y@entry=0) at /Users/wangjiaqi/Documents/Github/esp32p4-mipi-display/01.firmware/source-code/components/lvgl__lvgl/src/core/lv_obj_pos.c:48
#3  0x48010226 in lv_scr_load_anim (new_scr=0x4ff1b470 <work_mem_int+4872>, anim_type=anim_type@entry=LV_SCR_LOAD_ANIM_FADE_IN, time=time@entry=50, delay=delay@entry=0, auto_del=auto_del@entry=true) at /Users/wangjiaqi/Documents/Github/esp32p4-mipi-display/01.firmware/source-code/components/lvgl__lvgl/src/core/lv_disp.c:262
#4  0x4800c648 in pic_btn_cb (e=<optimized out>) at /Users/wangjiaqi/Documents/Github/esp32p4-mipi-display/01.firmware/source-code/main/lvgl_port/main_page.c:98
#5  0x48010694 in event_send_core (e=e@entry=0x4ff318e4) at /Users/wangjiaqi/Documents/Github/esp32p4-mipi-display/01.firmware/source-code/components/lvgl__lvgl/src/core/lv_event.c:461
#6  0x48010766 in lv_event_send (obj=<optimized out>, event_code=event_code@entry=LV_EVENT_CLICKED, param=<optimized out>) at /Users/wangjiaqi/Documents/Github/esp32p4-mipi-display/01.firmware/source-code/components/lvgl__lvgl/src/core/lv_event.c:74
#7  0x48010cd0 in indev_proc_release (proc=proc@entry=0x4ff1b3e4 <work_mem_int+4732>) at /Users/wangjiaqi/Documents/Github/esp32p4-mipi-display/01.firmware/source-code/components/lvgl__lvgl/src/core/lv_indev.c:979
#8  0x48011bb0 in indev_pointer_proc (i=0x4ff1b3e0 <work_mem_int+4728>, data=data@entry=0x4ff31958) at /Users/wangjiaqi/Documents/Github/esp32p4-mipi-display/01.firmware/source-code/components/lvgl__lvgl/src/core/lv_indev.c:383
#9  0x48011cde in lv_indev_read_timer_cb (timer=<optimized out>) at /Users/wangjiaqi/Documents/Github/esp32p4-mipi-display/01.firmware/source-code/components/lvgl__lvgl/src/core/lv_indev.c:101
#10 0x48022282 in lv_timer_exec (timer=0x4ff1b44c <work_mem_int+4836>) at /Users/wangjiaqi/Documents/Github/esp32p4-mipi-display/01.firmware/source-code/components/lvgl__lvgl/src/misc/lv_timer.c:313
#11 0x48022330 in lv_timer_handler () at /Users/wangjiaqi/Documents/Github/esp32p4-mipi-display/01.firmware/source-code/components/lvgl__lvgl/src/misc/lv_timer.c:109
#12 0x4800f234 in lvgl_port_task (arg=<error reading variable: value has been optimized out>) at /Users/wangjiaqi/Documents/Github/esp32p4-mipi-display/01.firmware/source-code/managed_components/espressif__esp_lvgl_port/src/lvgl8/esp_lvgl_port.c:198
#13 0x4ff0c462 in vPortTaskWrapper (pxCode=<optimized out>, pvParameters=<optimized out>) at /Users/wangjiaqi/esp/esp-idf/components/freertos/FreeRTOS-Kernel/portable/riscv/port.c:255



ELF file SHA256: 171a0cb66

Rebooting...
ESP-ROM:esp32p4-eco2-20240710
Build:Jul 10 2024
rst:0xc (SW_CPU_RESET),boot:0x10f (SPI_FAST_FLASH_BOOT)
Core0 Saved PC:0x4ff045a0
Core1 Saved PC:0x4ff046fc
SPI mode:DIO, clock div:1
load:0x4ff33ce0,len:0x162c
load:0x4ff2abd0,len:0xd6c
load:0x4ff2cbd0,len:0x3308
entry 0x4ff2abda
[0;32mI (33) boot: ESP-IDF v5.4.1-dirty 2nd stage bootloader[0m
[0;32mI (33) boot: compile time Aug 29 2025 07:48:58[0m
[0;32mI (34) boot: Multicore bootloader[0m
[0;32mI (35) boot: chip revision: v1.0[0m
[0;32mI (37) boot: efuse block revision: v0.3[0m
[0;32mI (40) boot.esp32p4: SPI Speed      : 80MHz[0m
[0;32mI (44) boot.esp32p4: SPI Mode       : DIO[0m
[0;32mI (48) boot.esp32p4: SPI Flash Size : 16MB[0m
[0;32mI (52) boot: Enabling RNG early entropy source...[0m
[0;32mI (56) boot: Partition Table:[0m
[0;32mI (59) boot: ## Label            Usage          Type ST Offset   Length[0m
[0;32mI (65) boot:  0 nvs              WiFi data        01 02 00009000 00006000[0m
[0;32mI (72) boot:  1 phy_init         RF data          01 01 0000f000 00001000[0m
[0;32mI (78) boot:  2 factory          factory app      00 00 00010000 00800000[0m
[0;32mI (85) boot:  3 storage          Unknown data     01 82 00810000 00700000[0m
[0;32mI (92) boot: End of partition table[0m
[0;32mI (94) esp_image: segment 0: paddr=00010020 vaddr=48090020 size=20264h (131684) map[0m
[0;32mI (121) esp_image: segment 1: paddr=0003028c vaddr=30100000 size=0002ch (    44) load[0m
[0;32mI (122) esp_image: segment 2: paddr=000302c0 vaddr=3010002c size=0003ch (    60) load[0m
[0;32mI (126) esp_image: segment 3: paddr=00030304 vaddr=4ff00000 size=0fd14h ( 64788) load[0m
[0;32mI (144) esp_image: segment 4: paddr=00040020 vaddr=48000020 size=82f4ch (536396) map[0m
[0;32mI (220) esp_image: segment 5: paddr=000c2f74 vaddr=4ff0fd14 size=04d48h ( 19784) load[0m
[0;32mI (224) esp_image: segment 6: paddr=000c7cc4 vaddr=4ff14a80 size=04334h ( 17204) load[0m
[0;32mI (233) boot: Loaded app from partition at offset 0x10000[0m
[0;32mI (233) boot: Disabling RNG early entropy source...[0m
[0;32mI (245) hex_psram: vendor id    : 0x0d (AP)[0m
[0;32mI (246) hex_psram: Latency      : 0x01 (Fixed)[0m
[0;32mI (246) hex_psram: DriveStr.    : 0x00 (25 Ohm)[0m
[0;32mI (247) hex_psram: dev id       : 0x03 (generation 4)[0m
[0;32mI (251) hex_psram: density      : 0x07 (256 Mbit)[0m
[0;32mI (256) hex_psram: good-die     : 0x06 (Pass)[0m
[0;32mI (260) hex_psram: SRF          : 0x02 (Slow Refresh)[0m
[0;32mI (265) hex_psram: BurstType    : 0x00 ( Wrap)[0m
[0;32mI (269) hex_psram: BurstLen     : 0x03 (2048 Byte)[0m
[0;32mI (273) hex_psram: BitMode      : 0x01 (X16 Mode)[0m
[0;32mI (278) hex_psram: Readlatency  : 0x04 (14 cycles@Fixed)[0m
[0;32mI (283) hex_psram: DriveStrength: 0x00 (1/1)[0m
[0;32mI (287) MSPI DQS: tuning success, best phase id is 2[0m
[0;32mI (469) MSPI DQS: tuning success, best delayline id is 10[0m
I esp_psram: Found 3